// Jest Snapshot v1, https://goo.gl/fbAQLP

exports[`RequestModal component - positive does not render on default 1`] = `
<body>
  <div />
</body>
`;

exports[`RequestModal component - positive renders with no errors when provided with props 1`] = `
<body
  class="ant-scrolling-effect"
  style="overflow: hidden; overflow-x: hidden; overflow-y: hidden;"
>
  <div />
  <div>
    <div
      class="ant-modal-root"
    >
      <div
        class="ant-modal-mask"
      />
      <div
        aria-labelledby="rcDialogTitle0"
        class="ant-modal-wrap ant-modal-centered"
        role="dialog"
        tabindex="-1"
      >
        <div
          class="ant-modal sc-bdvvtL la-dzJ"
          role="document"
          style="width: 520px;"
        >
          <div
            aria-hidden="true"
            style="width: 0px; height: 0px; overflow: hidden; outline: none;"
            tabindex="0"
          />
          <div
            class="ant-modal-content"
          >
            <button
              aria-label="Close"
              class="ant-modal-close"
              type="button"
            >
              <span
                class="ant-modal-close-x"
              >
                <span
                  aria-label="close"
                  class="anticon anticon-close ant-modal-close-icon"
                  role="img"
                >
                  <svg
                    aria-hidden="true"
                    data-icon="close"
                    fill="currentColor"
                    focusable="false"
                    height="1em"
                    viewBox="64 64 896 896"
                    width="1em"
                  >
                    <path
                      d="M563.8 512l262.5-312.9c4.4-5.2.7-13.1-6.1-13.1h-79.8c-4.7 0-9.2 2.1-12.3 5.7L511.6 449.8 295.1 191.7c-3-3.6-7.5-5.7-12.3-5.7H203c-6.8 0-10.5 7.9-6.1 13.1L459.4 512 196.9 824.9A7.95 7.95 0 00203 838h79.8c4.7 0 9.2-2.1 12.3-5.7l216.5-258.1 216.5 258.1c3 3.6 7.5 5.7 12.3 5.7h79.8c6.8 0 10.5-7.9 6.1-13.1L563.8 512z"
                    />
                  </svg>
                </span>
              </span>
            </button>
            <div
              class="ant-modal-header"
            >
              <div
                class="ant-modal-title"
                id="rcDialogTitle0"
              >
                <div
                  class="sc-gsDKAQ kPERAM"
                >
                  Request an invite
                </div>
              </div>
            </div>
            <div
              class="ant-modal-body"
            >
              <form
                class="ant-form ant-form-horizontal"
              >
                <div
                  class="sc-dkPtRN cIECRK"
                >
                  <div
                    class="ant-row ant-form-item"
                  >
                    <div
                      class="ant-col ant-form-item-control"
                    >
                      <div
                        class="ant-form-item-control-input"
                      >
                        <div
                          class="ant-form-item-control-input-content"
                        >
                          <span
                            class="ant-input-affix-wrapper sc-hKwDye ant-input-affix-wrapper-lg"
                          >
                            <input
                              class="ant-input"
                              id="fullName"
                              placeholder="Full name"
                              type="text"
                              value=""
                            />
                            <span
                              class="ant-input-suffix"
                            >
                              <span
                                class="ant-input-clear-icon ant-input-clear-icon-hidden"
                                role="button"
                                tabindex="-1"
                              >
                                <span
                                  aria-label="close-circle"
                                  class="anticon anticon-close-circle"
                                  role="img"
                                >
                                  <svg
                                    aria-hidden="true"
                                    data-icon="close-circle"
                                    fill="currentColor"
                                    focusable="false"
                                    height="1em"
                                    viewBox="64 64 896 896"
                                    width="1em"
                                  >
                                    <path
                                      d="M512 64C264.6 64 64 264.6 64 512s200.6 448 448 448 448-200.6 448-448S759.4 64 512 64zm165.4 618.2l-66-.3L512 563.4l-99.3 118.4-66.1.3c-4.4 0-8-3.5-8-8 0-1.9.7-3.7 1.9-5.2l130.1-155L340.5 359a8.32 8.32 0 01-1.9-5.2c0-4.4 3.6-8 8-8l66.1.3L512 464.6l99.3-118.4 66-.3c4.4 0 8 3.5 8 8 0 1.9-.7 3.7-1.9 5.2L553.5 514l130 155c1.2 1.5 1.9 3.3 1.9 5.2 0 4.4-3.6 8-8 8z"
                                    />
                                  </svg>
                                </span>
                              </span>
                            </span>
                          </span>
                        </div>
                      </div>
                    </div>
                  </div>
                  <div
                    class="ant-row ant-form-item"
                  >
                    <div
                      class="ant-col ant-form-item-control"
                    >
                      <div
                        class="ant-form-item-control-input"
                      >
                        <div
                          class="ant-form-item-control-input-content"
                        >
                          <span
                            class="ant-input-affix-wrapper sc-hKwDye ant-input-affix-wrapper-lg"
                          >
                            <input
                              class="ant-input"
                              id="email"
                              placeholder="Email"
                              type="text"
                              value=""
                            />
                            <span
                              class="ant-input-suffix"
                            >
                              <span
                                class="ant-input-clear-icon ant-input-clear-icon-hidden"
                                role="button"
                                tabindex="-1"
                              >
                                <span
                                  aria-label="close-circle"
                                  class="anticon anticon-close-circle"
                                  role="img"
                                >
                                  <svg
                                    aria-hidden="true"
                                    data-icon="close-circle"
                                    fill="currentColor"
                                    focusable="false"
                                    height="1em"
                                    viewBox="64 64 896 896"
                                    width="1em"
                                  >
                                    <path
                                      d="M512 64C264.6 64 64 264.6 64 512s200.6 448 448 448 448-200.6 448-448S759.4 64 512 64zm165.4 618.2l-66-.3L512 563.4l-99.3 118.4-66.1.3c-4.4 0-8-3.5-8-8 0-1.9.7-3.7 1.9-5.2l130.1-155L340.5 359a8.32 8.32 0 01-1.9-5.2c0-4.4 3.6-8 8-8l66.1.3L512 464.6l99.3-118.4 66-.3c4.4 0 8 3.5 8 8 0 1.9-.7 3.7-1.9 5.2L553.5 514l130 155c1.2 1.5 1.9 3.3 1.9 5.2 0 4.4-3.6 8-8 8z"
                                    />
                                  </svg>
                                </span>
                              </span>
                            </span>
                          </span>
                        </div>
                      </div>
                    </div>
                  </div>
                  <div
                    class="ant-row ant-form-item"
                  >
                    <div
                      class="ant-col ant-form-item-control"
                    >
                      <div
                        class="ant-form-item-control-input"
                      >
                        <div
                          class="ant-form-item-control-input-content"
                        >
                          <span
                            class="ant-input-affix-wrapper sc-hKwDye ant-input-affix-wrapper-lg"
                          >
                            <input
                              class="ant-input"
                              id="confirmEmail"
                              placeholder="Confirm email"
                              type="text"
                              value=""
                            />
                            <span
                              class="ant-input-suffix"
                            >
                              <span
                                class="ant-input-clear-icon ant-input-clear-icon-hidden"
                                role="button"
                                tabindex="-1"
                              >
                                <span
                                  aria-label="close-circle"
                                  class="anticon anticon-close-circle"
                                  role="img"
                                >
                                  <svg
                                    aria-hidden="true"
                                    data-icon="close-circle"
                                    fill="currentColor"
                                    focusable="false"
                                    height="1em"
                                    viewBox="64 64 896 896"
                                    width="1em"
                                  >
                                    <path
                                      d="M512 64C264.6 64 64 264.6 64 512s200.6 448 448 448 448-200.6 448-448S759.4 64 512 64zm165.4 618.2l-66-.3L512 563.4l-99.3 118.4-66.1.3c-4.4 0-8-3.5-8-8 0-1.9.7-3.7 1.9-5.2l130.1-155L340.5 359a8.32 8.32 0 01-1.9-5.2c0-4.4 3.6-8 8-8l66.1.3L512 464.6l99.3-118.4 66-.3c4.4 0 8 3.5 8 8 0 1.9-.7 3.7-1.9 5.2L553.5 514l130 155c1.2 1.5 1.9 3.3 1.9 5.2 0 4.4-3.6 8-8 8z"
                                    />
                                  </svg>
                                </span>
                              </span>
                            </span>
                          </span>
                        </div>
                      </div>
                    </div>
                  </div>
                  <button
                    class="ant-btn ant-btn-primary ant-btn-lg sc-eCImPb sc-jRQBWg fgWRvk ejNkXv"
                    type="button"
                  >
                    <span>
                      Send
                    </span>
                  </button>
                  
                </div>
              </form>
            </div>
          </div>
          <div
            aria-hidden="true"
            style="width: 0px; height: 0px; overflow: hidden; outline: none;"
            tabindex="0"
          />
        </div>
      </div>
    </div>
  </div>
</body>
`;

exports[`RequestModal component - positive should call \`handleCancel\` when canceling the modal 1`] = `
<body
  class="ant-scrolling-effect"
  style="overflow: hidden; overflow-x: hidden; overflow-y: hidden;"
>
  <div />
  <div>
    <div
      class="ant-modal-root"
    >
      <div
        class="ant-modal-mask"
      />
      <div
        aria-labelledby="rcDialogTitle4"
        class="ant-modal-wrap ant-modal-centered"
        role="dialog"
        tabindex="-1"
      >
        <div
          class="ant-modal sc-bdvvtL la-dzJ"
          role="document"
          style="width: 520px;"
        >
          <div
            aria-hidden="true"
            style="width: 0px; height: 0px; overflow: hidden; outline: none;"
            tabindex="0"
          />
          <div
            class="ant-modal-content"
          >
            <button
              aria-label="Close"
              class="ant-modal-close"
              type="button"
            >
              <span
                class="ant-modal-close-x"
              >
                <span
                  aria-label="close"
                  class="anticon anticon-close ant-modal-close-icon"
                  role="img"
                >
                  <svg
                    aria-hidden="true"
                    data-icon="close"
                    fill="currentColor"
                    focusable="false"
                    height="1em"
                    viewBox="64 64 896 896"
                    width="1em"
                  >
                    <path
                      d="M563.8 512l262.5-312.9c4.4-5.2.7-13.1-6.1-13.1h-79.8c-4.7 0-9.2 2.1-12.3 5.7L511.6 449.8 295.1 191.7c-3-3.6-7.5-5.7-12.3-5.7H203c-6.8 0-10.5 7.9-6.1 13.1L459.4 512 196.9 824.9A7.95 7.95 0 00203 838h79.8c4.7 0 9.2-2.1 12.3-5.7l216.5-258.1 216.5 258.1c3 3.6 7.5 5.7 12.3 5.7h79.8c6.8 0 10.5-7.9 6.1-13.1L563.8 512z"
                    />
                  </svg>
                </span>
              </span>
            </button>
            <div
              class="ant-modal-header"
            >
              <div
                class="ant-modal-title"
                id="rcDialogTitle4"
              >
                <div
                  class="sc-gsDKAQ kPERAM"
                >
                  Request an invite
                </div>
              </div>
            </div>
            <div
              class="ant-modal-body"
            >
              <form
                class="ant-form ant-form-horizontal"
              >
                <div
                  class="sc-dkPtRN cIECRK"
                >
                  <div
                    class="ant-row ant-form-item"
                  >
                    <div
                      class="ant-col ant-form-item-control"
                    >
                      <div
                        class="ant-form-item-control-input"
                      >
                        <div
                          class="ant-form-item-control-input-content"
                        >
                          <span
                            class="ant-input-affix-wrapper sc-hKwDye ant-input-affix-wrapper-lg"
                          >
                            <input
                              class="ant-input"
                              id="fullName"
                              placeholder="Full name"
                              type="text"
                              value=""
                            />
                            <span
                              class="ant-input-suffix"
                            >
                              <span
                                class="ant-input-clear-icon ant-input-clear-icon-hidden"
                                role="button"
                                tabindex="-1"
                              >
                                <span
                                  aria-label="close-circle"
                                  class="anticon anticon-close-circle"
                                  role="img"
                                >
                                  <svg
                                    aria-hidden="true"
                                    data-icon="close-circle"
                                    fill="currentColor"
                                    focusable="false"
                                    height="1em"
                                    viewBox="64 64 896 896"
                                    width="1em"
                                  >
                                    <path
                                      d="M512 64C264.6 64 64 264.6 64 512s200.6 448 448 448 448-200.6 448-448S759.4 64 512 64zm165.4 618.2l-66-.3L512 563.4l-99.3 118.4-66.1.3c-4.4 0-8-3.5-8-8 0-1.9.7-3.7 1.9-5.2l130.1-155L340.5 359a8.32 8.32 0 01-1.9-5.2c0-4.4 3.6-8 8-8l66.1.3L512 464.6l99.3-118.4 66-.3c4.4 0 8 3.5 8 8 0 1.9-.7 3.7-1.9 5.2L553.5 514l130 155c1.2 1.5 1.9 3.3 1.9 5.2 0 4.4-3.6 8-8 8z"
                                    />
                                  </svg>
                                </span>
                              </span>
                            </span>
                          </span>
                        </div>
                      </div>
                    </div>
                  </div>
                  <div
                    class="ant-row ant-form-item"
                  >
                    <div
                      class="ant-col ant-form-item-control"
                    >
                      <div
                        class="ant-form-item-control-input"
                      >
                        <div
                          class="ant-form-item-control-input-content"
                        >
                          <span
                            class="ant-input-affix-wrapper sc-hKwDye ant-input-affix-wrapper-lg"
                          >
                            <input
                              class="ant-input"
                              id="email"
                              placeholder="Email"
                              type="text"
                              value=""
                            />
                            <span
                              class="ant-input-suffix"
                            >
                              <span
                                class="ant-input-clear-icon ant-input-clear-icon-hidden"
                                role="button"
                                tabindex="-1"
                              >
                                <span
                                  aria-label="close-circle"
                                  class="anticon anticon-close-circle"
                                  role="img"
                                >
                                  <svg
                                    aria-hidden="true"
                                    data-icon="close-circle"
                                    fill="currentColor"
                                    focusable="false"
                                    height="1em"
                                    viewBox="64 64 896 896"
                                    width="1em"
                                  >
                                    <path
                                      d="M512 64C264.6 64 64 264.6 64 512s200.6 448 448 448 448-200.6 448-448S759.4 64 512 64zm165.4 618.2l-66-.3L512 563.4l-99.3 118.4-66.1.3c-4.4 0-8-3.5-8-8 0-1.9.7-3.7 1.9-5.2l130.1-155L340.5 359a8.32 8.32 0 01-1.9-5.2c0-4.4 3.6-8 8-8l66.1.3L512 464.6l99.3-118.4 66-.3c4.4 0 8 3.5 8 8 0 1.9-.7 3.7-1.9 5.2L553.5 514l130 155c1.2 1.5 1.9 3.3 1.9 5.2 0 4.4-3.6 8-8 8z"
                                    />
                                  </svg>
                                </span>
                              </span>
                            </span>
                          </span>
                        </div>
                      </div>
                    </div>
                  </div>
                  <div
                    class="ant-row ant-form-item"
                  >
                    <div
                      class="ant-col ant-form-item-control"
                    >
                      <div
                        class="ant-form-item-control-input"
                      >
                        <div
                          class="ant-form-item-control-input-content"
                        >
                          <span
                            class="ant-input-affix-wrapper sc-hKwDye ant-input-affix-wrapper-lg"
                          >
                            <input
                              class="ant-input"
                              id="confirmEmail"
                              placeholder="Confirm email"
                              type="text"
                              value=""
                            />
                            <span
                              class="ant-input-suffix"
                            >
                              <span
                                class="ant-input-clear-icon ant-input-clear-icon-hidden"
                                role="button"
                                tabindex="-1"
                              >
                                <span
                                  aria-label="close-circle"
                                  class="anticon anticon-close-circle"
                                  role="img"
                                >
                                  <svg
                                    aria-hidden="true"
                                    data-icon="close-circle"
                                    fill="currentColor"
                                    focusable="false"
                                    height="1em"
                                    viewBox="64 64 896 896"
                                    width="1em"
                                  >
                                    <path
                                      d="M512 64C264.6 64 64 264.6 64 512s200.6 448 448 448 448-200.6 448-448S759.4 64 512 64zm165.4 618.2l-66-.3L512 563.4l-99.3 118.4-66.1.3c-4.4 0-8-3.5-8-8 0-1.9.7-3.7 1.9-5.2l130.1-155L340.5 359a8.32 8.32 0 01-1.9-5.2c0-4.4 3.6-8 8-8l66.1.3L512 464.6l99.3-118.4 66-.3c4.4 0 8 3.5 8 8 0 1.9-.7 3.7-1.9 5.2L553.5 514l130 155c1.2 1.5 1.9 3.3 1.9 5.2 0 4.4-3.6 8-8 8z"
                                    />
                                  </svg>
                                </span>
                              </span>
                            </span>
                          </span>
                        </div>
                      </div>
                    </div>
                  </div>
                  <button
                    class="ant-btn ant-btn-primary ant-btn-lg sc-eCImPb sc-jRQBWg fgWRvk ejNkXv"
                    type="button"
                  >
                    <span>
                      Send
                    </span>
                  </button>
                  
                </div>
              </form>
            </div>
          </div>
          <div
            aria-hidden="true"
            style="width: 0px; height: 0px; overflow: hidden; outline: none;"
            tabindex="0"
          />
        </div>
      </div>
    </div>
  </div>
</body>
`;

exports[`RequestModal component - positive triggers on correct width 1`] = `
<body
  class="ant-scrolling-effect"
  style="overflow: hidden; overflow-x: hidden; overflow-y: hidden;"
>
  <div />
  <div>
    <div
      class="ant-modal-root"
    >
      <div
        class="ant-modal-mask"
      />
      <div
        aria-labelledby="rcDialogTitle1"
        class="ant-modal-wrap ant-modal-centered"
        role="dialog"
        tabindex="-1"
      >
        <div
          class="ant-modal sc-bdvvtL la-dzJ"
          role="document"
          style="width: 520px;"
        >
          <div
            aria-hidden="true"
            style="width: 0px; height: 0px; overflow: hidden; outline: none;"
            tabindex="0"
          />
          <div
            class="ant-modal-content"
          >
            <button
              aria-label="Close"
              class="ant-modal-close"
              type="button"
            >
              <span
                class="ant-modal-close-x"
              >
                <span
                  aria-label="close"
                  class="anticon anticon-close ant-modal-close-icon"
                  role="img"
                >
                  <svg
                    aria-hidden="true"
                    data-icon="close"
                    fill="currentColor"
                    focusable="false"
                    height="1em"
                    viewBox="64 64 896 896"
                    width="1em"
                  >
                    <path
                      d="M563.8 512l262.5-312.9c4.4-5.2.7-13.1-6.1-13.1h-79.8c-4.7 0-9.2 2.1-12.3 5.7L511.6 449.8 295.1 191.7c-3-3.6-7.5-5.7-12.3-5.7H203c-6.8 0-10.5 7.9-6.1 13.1L459.4 512 196.9 824.9A7.95 7.95 0 00203 838h79.8c4.7 0 9.2-2.1 12.3-5.7l216.5-258.1 216.5 258.1c3 3.6 7.5 5.7 12.3 5.7h79.8c6.8 0 10.5-7.9 6.1-13.1L563.8 512z"
                    />
                  </svg>
                </span>
              </span>
            </button>
            <div
              class="ant-modal-header"
            >
              <div
                class="ant-modal-title"
                id="rcDialogTitle1"
              >
                <div
                  class="sc-gsDKAQ kPERAM"
                >
                  Request an invite
                </div>
              </div>
            </div>
            <div
              class="ant-modal-body"
            >
              <form
                class="ant-form ant-form-horizontal"
              >
                <div
                  class="sc-dkPtRN cIECRK"
                >
                  <div
                    class="ant-row ant-form-item"
                  >
                    <div
                      class="ant-col ant-form-item-control"
                    >
                      <div
                        class="ant-form-item-control-input"
                      >
                        <div
                          class="ant-form-item-control-input-content"
                        >
                          <span
                            class="ant-input-affix-wrapper sc-hKwDye ant-input-affix-wrapper-lg"
                          >
                            <input
                              class="ant-input"
                              id="fullName"
                              placeholder="Full name"
                              type="text"
                              value=""
                            />
                            <span
                              class="ant-input-suffix"
                            >
                              <span
                                class="ant-input-clear-icon ant-input-clear-icon-hidden"
                                role="button"
                                tabindex="-1"
                              >
                                <span
                                  aria-label="close-circle"
                                  class="anticon anticon-close-circle"
                                  role="img"
                                >
                                  <svg
                                    aria-hidden="true"
                                    data-icon="close-circle"
                                    fill="currentColor"
                                    focusable="false"
                                    height="1em"
                                    viewBox="64 64 896 896"
                                    width="1em"
                                  >
                                    <path
                                      d="M512 64C264.6 64 64 264.6 64 512s200.6 448 448 448 448-200.6 448-448S759.4 64 512 64zm165.4 618.2l-66-.3L512 563.4l-99.3 118.4-66.1.3c-4.4 0-8-3.5-8-8 0-1.9.7-3.7 1.9-5.2l130.1-155L340.5 359a8.32 8.32 0 01-1.9-5.2c0-4.4 3.6-8 8-8l66.1.3L512 464.6l99.3-118.4 66-.3c4.4 0 8 3.5 8 8 0 1.9-.7 3.7-1.9 5.2L553.5 514l130 155c1.2 1.5 1.9 3.3 1.9 5.2 0 4.4-3.6 8-8 8z"
                                    />
                                  </svg>
                                </span>
                              </span>
                            </span>
                          </span>
                        </div>
                      </div>
                    </div>
                  </div>
                  <div
                    class="ant-row ant-form-item"
                  >
                    <div
                      class="ant-col ant-form-item-control"
                    >
                      <div
                        class="ant-form-item-control-input"
                      >
                        <div
                          class="ant-form-item-control-input-content"
                        >
                          <span
                            class="ant-input-affix-wrapper sc-hKwDye ant-input-affix-wrapper-lg"
                          >
                            <input
                              class="ant-input"
                              id="email"
                              placeholder="Email"
                              type="text"
                              value=""
                            />
                            <span
                              class="ant-input-suffix"
                            >
                              <span
                                class="ant-input-clear-icon ant-input-clear-icon-hidden"
                                role="button"
                                tabindex="-1"
                              >
                                <span
                                  aria-label="close-circle"
                                  class="anticon anticon-close-circle"
                                  role="img"
                                >
                                  <svg
                                    aria-hidden="true"
                                    data-icon="close-circle"
                                    fill="currentColor"
                                    focusable="false"
                                    height="1em"
                                    viewBox="64 64 896 896"
                                    width="1em"
                                  >
                                    <path
                                      d="M512 64C264.6 64 64 264.6 64 512s200.6 448 448 448 448-200.6 448-448S759.4 64 512 64zm165.4 618.2l-66-.3L512 563.4l-99.3 118.4-66.1.3c-4.4 0-8-3.5-8-8 0-1.9.7-3.7 1.9-5.2l130.1-155L340.5 359a8.32 8.32 0 01-1.9-5.2c0-4.4 3.6-8 8-8l66.1.3L512 464.6l99.3-118.4 66-.3c4.4 0 8 3.5 8 8 0 1.9-.7 3.7-1.9 5.2L553.5 514l130 155c1.2 1.5 1.9 3.3 1.9 5.2 0 4.4-3.6 8-8 8z"
                                    />
                                  </svg>
                                </span>
                              </span>
                            </span>
                          </span>
                        </div>
                      </div>
                    </div>
                  </div>
                  <div
                    class="ant-row ant-form-item"
                  >
                    <div
                      class="ant-col ant-form-item-control"
                    >
                      <div
                        class="ant-form-item-control-input"
                      >
                        <div
                          class="ant-form-item-control-input-content"
                        >
                          <span
                            class="ant-input-affix-wrapper sc-hKwDye ant-input-affix-wrapper-lg"
                          >
                            <input
                              class="ant-input"
                              id="confirmEmail"
                              placeholder="Confirm email"
                              type="text"
                              value=""
                            />
                            <span
                              class="ant-input-suffix"
                            >
                              <span
                                class="ant-input-clear-icon ant-input-clear-icon-hidden"
                                role="button"
                                tabindex="-1"
                              >
                                <span
                                  aria-label="close-circle"
                                  class="anticon anticon-close-circle"
                                  role="img"
                                >
                                  <svg
                                    aria-hidden="true"
                                    data-icon="close-circle"
                                    fill="currentColor"
                                    focusable="false"
                                    height="1em"
                                    viewBox="64 64 896 896"
                                    width="1em"
                                  >
                                    <path
                                      d="M512 64C264.6 64 64 264.6 64 512s200.6 448 448 448 448-200.6 448-448S759.4 64 512 64zm165.4 618.2l-66-.3L512 563.4l-99.3 118.4-66.1.3c-4.4 0-8-3.5-8-8 0-1.9.7-3.7 1.9-5.2l130.1-155L340.5 359a8.32 8.32 0 01-1.9-5.2c0-4.4 3.6-8 8-8l66.1.3L512 464.6l99.3-118.4 66-.3c4.4 0 8 3.5 8 8 0 1.9-.7 3.7-1.9 5.2L553.5 514l130 155c1.2 1.5 1.9 3.3 1.9 5.2 0 4.4-3.6 8-8 8z"
                                    />
                                  </svg>
                                </span>
                              </span>
                            </span>
                          </span>
                        </div>
                      </div>
                    </div>
                  </div>
                  <button
                    class="ant-btn ant-btn-primary ant-btn-lg sc-eCImPb sc-jRQBWg fgWRvk ejNkXv"
                    type="button"
                  >
                    <span>
                      Send
                    </span>
                  </button>
                  
                </div>
              </form>
            </div>
          </div>
          <div
            aria-hidden="true"
            style="width: 0px; height: 0px; overflow: hidden; outline: none;"
            tabindex="0"
          />
        </div>
      </div>
    </div>
  </div>
</body>
`;

exports[`RequestModal component - positive triggers on correct width 2`] = `
<body
  class="ant-scrolling-effect"
  style="overflow: hidden; overflow-x: hidden; overflow-y: hidden;"
>
  <div />
  <div>
    <div
      class="ant-modal-root"
    >
      <div
        class="ant-modal-mask"
      />
      <div
        aria-labelledby="rcDialogTitle1"
        class="ant-modal-wrap ant-modal-centered"
        role="dialog"
        tabindex="-1"
      >
        <div
          class="ant-modal sc-bdvvtL la-dzJ"
          role="document"
          style="width: 520px;"
        >
          <div
            aria-hidden="true"
            style="width: 0px; height: 0px; overflow: hidden; outline: none;"
            tabindex="0"
          />
          <div
            class="ant-modal-content"
          >
            <button
              aria-label="Close"
              class="ant-modal-close"
              type="button"
            >
              <span
                class="ant-modal-close-x"
              >
                <span
                  aria-label="close"
                  class="anticon anticon-close ant-modal-close-icon"
                  role="img"
                >
                  <svg
                    aria-hidden="true"
                    data-icon="close"
                    fill="currentColor"
                    focusable="false"
                    height="1em"
                    viewBox="64 64 896 896"
                    width="1em"
                  >
                    <path
                      d="M563.8 512l262.5-312.9c4.4-5.2.7-13.1-6.1-13.1h-79.8c-4.7 0-9.2 2.1-12.3 5.7L511.6 449.8 295.1 191.7c-3-3.6-7.5-5.7-12.3-5.7H203c-6.8 0-10.5 7.9-6.1 13.1L459.4 512 196.9 824.9A7.95 7.95 0 00203 838h79.8c4.7 0 9.2-2.1 12.3-5.7l216.5-258.1 216.5 258.1c3 3.6 7.5 5.7 12.3 5.7h79.8c6.8 0 10.5-7.9 6.1-13.1L563.8 512z"
                    />
                  </svg>
                </span>
              </span>
            </button>
            <div
              class="ant-modal-header"
            >
              <div
                class="ant-modal-title"
                id="rcDialogTitle1"
              >
                <div
                  class="sc-gsDKAQ kPERAM"
                >
                  Request an invite
                </div>
              </div>
            </div>
            <div
              class="ant-modal-body"
            >
              <form
                class="ant-form ant-form-horizontal"
              >
                <div
                  class="sc-dkPtRN cIECRK"
                >
                  <div
                    class="ant-row ant-form-item"
                  >
                    <div
                      class="ant-col ant-form-item-control"
                    >
                      <div
                        class="ant-form-item-control-input"
                      >
                        <div
                          class="ant-form-item-control-input-content"
                        >
                          <span
                            class="ant-input-affix-wrapper sc-hKwDye ant-input-affix-wrapper-lg"
                          >
                            <input
                              class="ant-input"
                              id="fullName"
                              placeholder="Full name"
                              type="text"
                              value=""
                            />
                            <span
                              class="ant-input-suffix"
                            >
                              <span
                                class="ant-input-clear-icon ant-input-clear-icon-hidden"
                                role="button"
                                tabindex="-1"
                              >
                                <span
                                  aria-label="close-circle"
                                  class="anticon anticon-close-circle"
                                  role="img"
                                >
                                  <svg
                                    aria-hidden="true"
                                    data-icon="close-circle"
                                    fill="currentColor"
                                    focusable="false"
                                    height="1em"
                                    viewBox="64 64 896 896"
                                    width="1em"
                                  >
                                    <path
                                      d="M512 64C264.6 64 64 264.6 64 512s200.6 448 448 448 448-200.6 448-448S759.4 64 512 64zm165.4 618.2l-66-.3L512 563.4l-99.3 118.4-66.1.3c-4.4 0-8-3.5-8-8 0-1.9.7-3.7 1.9-5.2l130.1-155L340.5 359a8.32 8.32 0 01-1.9-5.2c0-4.4 3.6-8 8-8l66.1.3L512 464.6l99.3-118.4 66-.3c4.4 0 8 3.5 8 8 0 1.9-.7 3.7-1.9 5.2L553.5 514l130 155c1.2 1.5 1.9 3.3 1.9 5.2 0 4.4-3.6 8-8 8z"
                                    />
                                  </svg>
                                </span>
                              </span>
                            </span>
                          </span>
                        </div>
                      </div>
                    </div>
                  </div>
                  <div
                    class="ant-row ant-form-item"
                  >
                    <div
                      class="ant-col ant-form-item-control"
                    >
                      <div
                        class="ant-form-item-control-input"
                      >
                        <div
                          class="ant-form-item-control-input-content"
                        >
                          <span
                            class="ant-input-affix-wrapper sc-hKwDye ant-input-affix-wrapper-lg"
                          >
                            <input
                              class="ant-input"
                              id="email"
                              placeholder="Email"
                              type="text"
                              value=""
                            />
                            <span
                              class="ant-input-suffix"
                            >
                              <span
                                class="ant-input-clear-icon ant-input-clear-icon-hidden"
                                role="button"
                                tabindex="-1"
                              >
                                <span
                                  aria-label="close-circle"
                                  class="anticon anticon-close-circle"
                                  role="img"
                                >
                                  <svg
                                    aria-hidden="true"
                                    data-icon="close-circle"
                                    fill="currentColor"
                                    focusable="false"
                                    height="1em"
                                    viewBox="64 64 896 896"
                                    width="1em"
                                  >
                                    <path
                                      d="M512 64C264.6 64 64 264.6 64 512s200.6 448 448 448 448-200.6 448-448S759.4 64 512 64zm165.4 618.2l-66-.3L512 563.4l-99.3 118.4-66.1.3c-4.4 0-8-3.5-8-8 0-1.9.7-3.7 1.9-5.2l130.1-155L340.5 359a8.32 8.32 0 01-1.9-5.2c0-4.4 3.6-8 8-8l66.1.3L512 464.6l99.3-118.4 66-.3c4.4 0 8 3.5 8 8 0 1.9-.7 3.7-1.9 5.2L553.5 514l130 155c1.2 1.5 1.9 3.3 1.9 5.2 0 4.4-3.6 8-8 8z"
                                    />
                                  </svg>
                                </span>
                              </span>
                            </span>
                          </span>
                        </div>
                      </div>
                    </div>
                  </div>
                  <div
                    class="ant-row ant-form-item"
                  >
                    <div
                      class="ant-col ant-form-item-control"
                    >
                      <div
                        class="ant-form-item-control-input"
                      >
                        <div
                          class="ant-form-item-control-input-content"
                        >
                          <span
                            class="ant-input-affix-wrapper sc-hKwDye ant-input-affix-wrapper-lg"
                          >
                            <input
                              class="ant-input"
                              id="confirmEmail"
                              placeholder="Confirm email"
                              type="text"
                              value=""
                            />
                            <span
                              class="ant-input-suffix"
                            >
                              <span
                                class="ant-input-clear-icon ant-input-clear-icon-hidden"
                                role="button"
                                tabindex="-1"
                              >
                                <span
                                  aria-label="close-circle"
                                  class="anticon anticon-close-circle"
                                  role="img"
                                >
                                  <svg
                                    aria-hidden="true"
                                    data-icon="close-circle"
                                    fill="currentColor"
                                    focusable="false"
                                    height="1em"
                                    viewBox="64 64 896 896"
                                    width="1em"
                                  >
                                    <path
                                      d="M512 64C264.6 64 64 264.6 64 512s200.6 448 448 448 448-200.6 448-448S759.4 64 512 64zm165.4 618.2l-66-.3L512 563.4l-99.3 118.4-66.1.3c-4.4 0-8-3.5-8-8 0-1.9.7-3.7 1.9-5.2l130.1-155L340.5 359a8.32 8.32 0 01-1.9-5.2c0-4.4 3.6-8 8-8l66.1.3L512 464.6l99.3-118.4 66-.3c4.4 0 8 3.5 8 8 0 1.9-.7 3.7-1.9 5.2L553.5 514l130 155c1.2 1.5 1.9 3.3 1.9 5.2 0 4.4-3.6 8-8 8z"
                                    />
                                  </svg>
                                </span>
                              </span>
                            </span>
                          </span>
                        </div>
                      </div>
                    </div>
                  </div>
                  <button
                    class="ant-btn ant-btn-primary ant-btn-lg sc-eCImPb sc-jRQBWg fgWRvk ejNkXv"
                    type="button"
                  >
                    <span>
                      Send
                    </span>
                  </button>
                  
                </div>
              </form>
            </div>
          </div>
          <div
            aria-hidden="true"
            style="width: 0px; height: 0px; overflow: hidden; outline: none;"
            tabindex="0"
          />
        </div>
      </div>
    </div>
  </div>
  <div />
  <div>
    <div
      class="ant-modal-root"
    >
      <div
        class="ant-modal-mask"
      />
      <div
        aria-labelledby="rcDialogTitle2"
        class="ant-modal-wrap ant-modal-centered"
        role="dialog"
        tabindex="-1"
      >
        <div
          class="ant-modal sc-bdvvtL la-dzJ"
          role="document"
          style="width: 520px;"
        >
          <div
            aria-hidden="true"
            style="width: 0px; height: 0px; overflow: hidden; outline: none;"
            tabindex="0"
          />
          <div
            class="ant-modal-content"
          >
            <button
              aria-label="Close"
              class="ant-modal-close"
              type="button"
            >
              <span
                class="ant-modal-close-x"
              >
                <span
                  aria-label="close"
                  class="anticon anticon-close ant-modal-close-icon"
                  role="img"
                >
                  <svg
                    aria-hidden="true"
                    data-icon="close"
                    fill="currentColor"
                    focusable="false"
                    height="1em"
                    viewBox="64 64 896 896"
                    width="1em"
                  >
                    <path
                      d="M563.8 512l262.5-312.9c4.4-5.2.7-13.1-6.1-13.1h-79.8c-4.7 0-9.2 2.1-12.3 5.7L511.6 449.8 295.1 191.7c-3-3.6-7.5-5.7-12.3-5.7H203c-6.8 0-10.5 7.9-6.1 13.1L459.4 512 196.9 824.9A7.95 7.95 0 00203 838h79.8c4.7 0 9.2-2.1 12.3-5.7l216.5-258.1 216.5 258.1c3 3.6 7.5 5.7 12.3 5.7h79.8c6.8 0 10.5-7.9 6.1-13.1L563.8 512z"
                    />
                  </svg>
                </span>
              </span>
            </button>
            <div
              class="ant-modal-header"
            >
              <div
                class="ant-modal-title"
                id="rcDialogTitle2"
              >
                <div
                  class="sc-gsDKAQ kPERAM"
                >
                  Request an invite
                </div>
              </div>
            </div>
            <div
              class="ant-modal-body"
            >
              <form
                class="ant-form ant-form-horizontal"
              >
                <div
                  class="sc-dkPtRN cIECRK"
                >
                  <div
                    class="ant-row ant-form-item"
                  >
                    <div
                      class="ant-col ant-form-item-control"
                    >
                      <div
                        class="ant-form-item-control-input"
                      >
                        <div
                          class="ant-form-item-control-input-content"
                        >
                          <span
                            class="ant-input-affix-wrapper sc-hKwDye ant-input-affix-wrapper-lg"
                          >
                            <input
                              class="ant-input"
                              id="fullName"
                              placeholder="Full name"
                              type="text"
                              value=""
                            />
                            <span
                              class="ant-input-suffix"
                            >
                              <span
                                class="ant-input-clear-icon ant-input-clear-icon-hidden"
                                role="button"
                                tabindex="-1"
                              >
                                <span
                                  aria-label="close-circle"
                                  class="anticon anticon-close-circle"
                                  role="img"
                                >
                                  <svg
                                    aria-hidden="true"
                                    data-icon="close-circle"
                                    fill="currentColor"
                                    focusable="false"
                                    height="1em"
                                    viewBox="64 64 896 896"
                                    width="1em"
                                  >
                                    <path
                                      d="M512 64C264.6 64 64 264.6 64 512s200.6 448 448 448 448-200.6 448-448S759.4 64 512 64zm165.4 618.2l-66-.3L512 563.4l-99.3 118.4-66.1.3c-4.4 0-8-3.5-8-8 0-1.9.7-3.7 1.9-5.2l130.1-155L340.5 359a8.32 8.32 0 01-1.9-5.2c0-4.4 3.6-8 8-8l66.1.3L512 464.6l99.3-118.4 66-.3c4.4 0 8 3.5 8 8 0 1.9-.7 3.7-1.9 5.2L553.5 514l130 155c1.2 1.5 1.9 3.3 1.9 5.2 0 4.4-3.6 8-8 8z"
                                    />
                                  </svg>
                                </span>
                              </span>
                            </span>
                          </span>
                        </div>
                      </div>
                    </div>
                  </div>
                  <div
                    class="ant-row ant-form-item"
                  >
                    <div
                      class="ant-col ant-form-item-control"
                    >
                      <div
                        class="ant-form-item-control-input"
                      >
                        <div
                          class="ant-form-item-control-input-content"
                        >
                          <span
                            class="ant-input-affix-wrapper sc-hKwDye ant-input-affix-wrapper-lg"
                          >
                            <input
                              class="ant-input"
                              id="email"
                              placeholder="Email"
                              type="text"
                              value=""
                            />
                            <span
                              class="ant-input-suffix"
                            >
                              <span
                                class="ant-input-clear-icon ant-input-clear-icon-hidden"
                                role="button"
                                tabindex="-1"
                              >
                                <span
                                  aria-label="close-circle"
                                  class="anticon anticon-close-circle"
                                  role="img"
                                >
                                  <svg
                                    aria-hidden="true"
                                    data-icon="close-circle"
                                    fill="currentColor"
                                    focusable="false"
                                    height="1em"
                                    viewBox="64 64 896 896"
                                    width="1em"
                                  >
                                    <path
                                      d="M512 64C264.6 64 64 264.6 64 512s200.6 448 448 448 448-200.6 448-448S759.4 64 512 64zm165.4 618.2l-66-.3L512 563.4l-99.3 118.4-66.1.3c-4.4 0-8-3.5-8-8 0-1.9.7-3.7 1.9-5.2l130.1-155L340.5 359a8.32 8.32 0 01-1.9-5.2c0-4.4 3.6-8 8-8l66.1.3L512 464.6l99.3-118.4 66-.3c4.4 0 8 3.5 8 8 0 1.9-.7 3.7-1.9 5.2L553.5 514l130 155c1.2 1.5 1.9 3.3 1.9 5.2 0 4.4-3.6 8-8 8z"
                                    />
                                  </svg>
                                </span>
                              </span>
                            </span>
                          </span>
                        </div>
                      </div>
                    </div>
                  </div>
                  <div
                    class="ant-row ant-form-item"
                  >
                    <div
                      class="ant-col ant-form-item-control"
                    >
                      <div
                        class="ant-form-item-control-input"
                      >
                        <div
                          class="ant-form-item-control-input-content"
                        >
                          <span
                            class="ant-input-affix-wrapper sc-hKwDye ant-input-affix-wrapper-lg"
                          >
                            <input
                              class="ant-input"
                              id="confirmEmail"
                              placeholder="Confirm email"
                              type="text"
                              value=""
                            />
                            <span
                              class="ant-input-suffix"
                            >
                              <span
                                class="ant-input-clear-icon ant-input-clear-icon-hidden"
                                role="button"
                                tabindex="-1"
                              >
                                <span
                                  aria-label="close-circle"
                                  class="anticon anticon-close-circle"
                                  role="img"
                                >
                                  <svg
                                    aria-hidden="true"
                                    data-icon="close-circle"
                                    fill="currentColor"
                                    focusable="false"
                                    height="1em"
                                    viewBox="64 64 896 896"
                                    width="1em"
                                  >
                                    <path
                                      d="M512 64C264.6 64 64 264.6 64 512s200.6 448 448 448 448-200.6 448-448S759.4 64 512 64zm165.4 618.2l-66-.3L512 563.4l-99.3 118.4-66.1.3c-4.4 0-8-3.5-8-8 0-1.9.7-3.7 1.9-5.2l130.1-155L340.5 359a8.32 8.32 0 01-1.9-5.2c0-4.4 3.6-8 8-8l66.1.3L512 464.6l99.3-118.4 66-.3c4.4 0 8 3.5 8 8 0 1.9-.7 3.7-1.9 5.2L553.5 514l130 155c1.2 1.5 1.9 3.3 1.9 5.2 0 4.4-3.6 8-8 8z"
                                    />
                                  </svg>
                                </span>
                              </span>
                            </span>
                          </span>
                        </div>
                      </div>
                    </div>
                  </div>
                  <button
                    class="ant-btn ant-btn-primary ant-btn-lg sc-eCImPb sc-jRQBWg fgWRvk ejNkXv"
                    type="button"
                  >
                    <span>
                      Send
                    </span>
                  </button>
                  
                </div>
              </form>
            </div>
          </div>
          <div
            aria-hidden="true"
            style="width: 0px; height: 0px; overflow: hidden; outline: none;"
            tabindex="0"
          />
        </div>
      </div>
    </div>
  </div>
</body>
`;

exports[`RequestModal component - positive triggers on correct width 3`] = `
<body
  class="ant-scrolling-effect"
  style="overflow: hidden; overflow-x: hidden; overflow-y: hidden;"
>
  <div />
  <div>
    <div
      class="ant-modal-root"
    >
      <div
        class="ant-modal-mask"
      />
      <div
        aria-labelledby="rcDialogTitle1"
        class="ant-modal-wrap ant-modal-centered"
        role="dialog"
        tabindex="-1"
      >
        <div
          class="ant-modal sc-bdvvtL la-dzJ"
          role="document"
          style="width: 520px;"
        >
          <div
            aria-hidden="true"
            style="width: 0px; height: 0px; overflow: hidden; outline: none;"
            tabindex="0"
          />
          <div
            class="ant-modal-content"
          >
            <button
              aria-label="Close"
              class="ant-modal-close"
              type="button"
            >
              <span
                class="ant-modal-close-x"
              >
                <span
                  aria-label="close"
                  class="anticon anticon-close ant-modal-close-icon"
                  role="img"
                >
                  <svg
                    aria-hidden="true"
                    data-icon="close"
                    fill="currentColor"
                    focusable="false"
                    height="1em"
                    viewBox="64 64 896 896"
                    width="1em"
                  >
                    <path
                      d="M563.8 512l262.5-312.9c4.4-5.2.7-13.1-6.1-13.1h-79.8c-4.7 0-9.2 2.1-12.3 5.7L511.6 449.8 295.1 191.7c-3-3.6-7.5-5.7-12.3-5.7H203c-6.8 0-10.5 7.9-6.1 13.1L459.4 512 196.9 824.9A7.95 7.95 0 00203 838h79.8c4.7 0 9.2-2.1 12.3-5.7l216.5-258.1 216.5 258.1c3 3.6 7.5 5.7 12.3 5.7h79.8c6.8 0 10.5-7.9 6.1-13.1L563.8 512z"
                    />
                  </svg>
                </span>
              </span>
            </button>
            <div
              class="ant-modal-header"
            >
              <div
                class="ant-modal-title"
                id="rcDialogTitle1"
              >
                <div
                  class="sc-gsDKAQ kPERAM"
                >
                  Request an invite
                </div>
              </div>
            </div>
            <div
              class="ant-modal-body"
            >
              <form
                class="ant-form ant-form-horizontal"
              >
                <div
                  class="sc-dkPtRN cIECRK"
                >
                  <div
                    class="ant-row ant-form-item"
                  >
                    <div
                      class="ant-col ant-form-item-control"
                    >
                      <div
                        class="ant-form-item-control-input"
                      >
                        <div
                          class="ant-form-item-control-input-content"
                        >
                          <span
                            class="ant-input-affix-wrapper sc-hKwDye ant-input-affix-wrapper-lg"
                          >
                            <input
                              class="ant-input"
                              id="fullName"
                              placeholder="Full name"
                              type="text"
                              value=""
                            />
                            <span
                              class="ant-input-suffix"
                            >
                              <span
                                class="ant-input-clear-icon ant-input-clear-icon-hidden"
                                role="button"
                                tabindex="-1"
                              >
                                <span
                                  aria-label="close-circle"
                                  class="anticon anticon-close-circle"
                                  role="img"
                                >
                                  <svg
                                    aria-hidden="true"
                                    data-icon="close-circle"
                                    fill="currentColor"
                                    focusable="false"
                                    height="1em"
                                    viewBox="64 64 896 896"
                                    width="1em"
                                  >
                                    <path
                                      d="M512 64C264.6 64 64 264.6 64 512s200.6 448 448 448 448-200.6 448-448S759.4 64 512 64zm165.4 618.2l-66-.3L512 563.4l-99.3 118.4-66.1.3c-4.4 0-8-3.5-8-8 0-1.9.7-3.7 1.9-5.2l130.1-155L340.5 359a8.32 8.32 0 01-1.9-5.2c0-4.4 3.6-8 8-8l66.1.3L512 464.6l99.3-118.4 66-.3c4.4 0 8 3.5 8 8 0 1.9-.7 3.7-1.9 5.2L553.5 514l130 155c1.2 1.5 1.9 3.3 1.9 5.2 0 4.4-3.6 8-8 8z"
                                    />
                                  </svg>
                                </span>
                              </span>
                            </span>
                          </span>
                        </div>
                      </div>
                    </div>
                  </div>
                  <div
                    class="ant-row ant-form-item"
                  >
                    <div
                      class="ant-col ant-form-item-control"
                    >
                      <div
                        class="ant-form-item-control-input"
                      >
                        <div
                          class="ant-form-item-control-input-content"
                        >
                          <span
                            class="ant-input-affix-wrapper sc-hKwDye ant-input-affix-wrapper-lg"
                          >
                            <input
                              class="ant-input"
                              id="email"
                              placeholder="Email"
                              type="text"
                              value=""
                            />
                            <span
                              class="ant-input-suffix"
                            >
                              <span
                                class="ant-input-clear-icon ant-input-clear-icon-hidden"
                                role="button"
                                tabindex="-1"
                              >
                                <span
                                  aria-label="close-circle"
                                  class="anticon anticon-close-circle"
                                  role="img"
                                >
                                  <svg
                                    aria-hidden="true"
                                    data-icon="close-circle"
                                    fill="currentColor"
                                    focusable="false"
                                    height="1em"
                                    viewBox="64 64 896 896"
                                    width="1em"
                                  >
                                    <path
                                      d="M512 64C264.6 64 64 264.6 64 512s200.6 448 448 448 448-200.6 448-448S759.4 64 512 64zm165.4 618.2l-66-.3L512 563.4l-99.3 118.4-66.1.3c-4.4 0-8-3.5-8-8 0-1.9.7-3.7 1.9-5.2l130.1-155L340.5 359a8.32 8.32 0 01-1.9-5.2c0-4.4 3.6-8 8-8l66.1.3L512 464.6l99.3-118.4 66-.3c4.4 0 8 3.5 8 8 0 1.9-.7 3.7-1.9 5.2L553.5 514l130 155c1.2 1.5 1.9 3.3 1.9 5.2 0 4.4-3.6 8-8 8z"
                                    />
                                  </svg>
                                </span>
                              </span>
                            </span>
                          </span>
                        </div>
                      </div>
                    </div>
                  </div>
                  <div
                    class="ant-row ant-form-item"
                  >
                    <div
                      class="ant-col ant-form-item-control"
                    >
                      <div
                        class="ant-form-item-control-input"
                      >
                        <div
                          class="ant-form-item-control-input-content"
                        >
                          <span
                            class="ant-input-affix-wrapper sc-hKwDye ant-input-affix-wrapper-lg"
                          >
                            <input
                              class="ant-input"
                              id="confirmEmail"
                              placeholder="Confirm email"
                              type="text"
                              value=""
                            />
                            <span
                              class="ant-input-suffix"
                            >
                              <span
                                class="ant-input-clear-icon ant-input-clear-icon-hidden"
                                role="button"
                                tabindex="-1"
                              >
                                <span
                                  aria-label="close-circle"
                                  class="anticon anticon-close-circle"
                                  role="img"
                                >
                                  <svg
                                    aria-hidden="true"
                                    data-icon="close-circle"
                                    fill="currentColor"
                                    focusable="false"
                                    height="1em"
                                    viewBox="64 64 896 896"
                                    width="1em"
                                  >
                                    <path
                                      d="M512 64C264.6 64 64 264.6 64 512s200.6 448 448 448 448-200.6 448-448S759.4 64 512 64zm165.4 618.2l-66-.3L512 563.4l-99.3 118.4-66.1.3c-4.4 0-8-3.5-8-8 0-1.9.7-3.7 1.9-5.2l130.1-155L340.5 359a8.32 8.32 0 01-1.9-5.2c0-4.4 3.6-8 8-8l66.1.3L512 464.6l99.3-118.4 66-.3c4.4 0 8 3.5 8 8 0 1.9-.7 3.7-1.9 5.2L553.5 514l130 155c1.2 1.5 1.9 3.3 1.9 5.2 0 4.4-3.6 8-8 8z"
                                    />
                                  </svg>
                                </span>
                              </span>
                            </span>
                          </span>
                        </div>
                      </div>
                    </div>
                  </div>
                  <button
                    class="ant-btn ant-btn-primary ant-btn-lg sc-eCImPb sc-jRQBWg fgWRvk ejNkXv"
                    type="button"
                  >
                    <span>
                      Send
                    </span>
                  </button>
                  
                </div>
              </form>
            </div>
          </div>
          <div
            aria-hidden="true"
            style="width: 0px; height: 0px; overflow: hidden; outline: none;"
            tabindex="0"
          />
        </div>
      </div>
    </div>
  </div>
  <div />
  <div>
    <div
      class="ant-modal-root"
    >
      <div
        class="ant-modal-mask"
      />
      <div
        aria-labelledby="rcDialogTitle2"
        class="ant-modal-wrap ant-modal-centered"
        role="dialog"
        tabindex="-1"
      >
        <div
          class="ant-modal sc-bdvvtL la-dzJ"
          role="document"
          style="width: 520px;"
        >
          <div
            aria-hidden="true"
            style="width: 0px; height: 0px; overflow: hidden; outline: none;"
            tabindex="0"
          />
          <div
            class="ant-modal-content"
          >
            <button
              aria-label="Close"
              class="ant-modal-close"
              type="button"
            >
              <span
                class="ant-modal-close-x"
              >
                <span
                  aria-label="close"
                  class="anticon anticon-close ant-modal-close-icon"
                  role="img"
                >
                  <svg
                    aria-hidden="true"
                    data-icon="close"
                    fill="currentColor"
                    focusable="false"
                    height="1em"
                    viewBox="64 64 896 896"
                    width="1em"
                  >
                    <path
                      d="M563.8 512l262.5-312.9c4.4-5.2.7-13.1-6.1-13.1h-79.8c-4.7 0-9.2 2.1-12.3 5.7L511.6 449.8 295.1 191.7c-3-3.6-7.5-5.7-12.3-5.7H203c-6.8 0-10.5 7.9-6.1 13.1L459.4 512 196.9 824.9A7.95 7.95 0 00203 838h79.8c4.7 0 9.2-2.1 12.3-5.7l216.5-258.1 216.5 258.1c3 3.6 7.5 5.7 12.3 5.7h79.8c6.8 0 10.5-7.9 6.1-13.1L563.8 512z"
                    />
                  </svg>
                </span>
              </span>
            </button>
            <div
              class="ant-modal-header"
            >
              <div
                class="ant-modal-title"
                id="rcDialogTitle2"
              >
                <div
                  class="sc-gsDKAQ kPERAM"
                >
                  Request an invite
                </div>
              </div>
            </div>
            <div
              class="ant-modal-body"
            >
              <form
                class="ant-form ant-form-horizontal"
              >
                <div
                  class="sc-dkPtRN cIECRK"
                >
                  <div
                    class="ant-row ant-form-item"
                  >
                    <div
                      class="ant-col ant-form-item-control"
                    >
                      <div
                        class="ant-form-item-control-input"
                      >
                        <div
                          class="ant-form-item-control-input-content"
                        >
                          <span
                            class="ant-input-affix-wrapper sc-hKwDye ant-input-affix-wrapper-lg"
                          >
                            <input
                              class="ant-input"
                              id="fullName"
                              placeholder="Full name"
                              type="text"
                              value=""
                            />
                            <span
                              class="ant-input-suffix"
                            >
                              <span
                                class="ant-input-clear-icon ant-input-clear-icon-hidden"
                                role="button"
                                tabindex="-1"
                              >
                                <span
                                  aria-label="close-circle"
                                  class="anticon anticon-close-circle"
                                  role="img"
                                >
                                  <svg
                                    aria-hidden="true"
                                    data-icon="close-circle"
                                    fill="currentColor"
                                    focusable="false"
                                    height="1em"
                                    viewBox="64 64 896 896"
                                    width="1em"
                                  >
                                    <path
                                      d="M512 64C264.6 64 64 264.6 64 512s200.6 448 448 448 448-200.6 448-448S759.4 64 512 64zm165.4 618.2l-66-.3L512 563.4l-99.3 118.4-66.1.3c-4.4 0-8-3.5-8-8 0-1.9.7-3.7 1.9-5.2l130.1-155L340.5 359a8.32 8.32 0 01-1.9-5.2c0-4.4 3.6-8 8-8l66.1.3L512 464.6l99.3-118.4 66-.3c4.4 0 8 3.5 8 8 0 1.9-.7 3.7-1.9 5.2L553.5 514l130 155c1.2 1.5 1.9 3.3 1.9 5.2 0 4.4-3.6 8-8 8z"
                                    />
                                  </svg>
                                </span>
                              </span>
                            </span>
                          </span>
                        </div>
                      </div>
                    </div>
                  </div>
                  <div
                    class="ant-row ant-form-item"
                  >
                    <div
                      class="ant-col ant-form-item-control"
                    >
                      <div
                        class="ant-form-item-control-input"
                      >
                        <div
                          class="ant-form-item-control-input-content"
                        >
                          <span
                            class="ant-input-affix-wrapper sc-hKwDye ant-input-affix-wrapper-lg"
                          >
                            <input
                              class="ant-input"
                              id="email"
                              placeholder="Email"
                              type="text"
                              value=""
                            />
                            <span
                              class="ant-input-suffix"
                            >
                              <span
                                class="ant-input-clear-icon ant-input-clear-icon-hidden"
                                role="button"
                                tabindex="-1"
                              >
                                <span
                                  aria-label="close-circle"
                                  class="anticon anticon-close-circle"
                                  role="img"
                                >
                                  <svg
                                    aria-hidden="true"
                                    data-icon="close-circle"
                                    fill="currentColor"
                                    focusable="false"
                                    height="1em"
                                    viewBox="64 64 896 896"
                                    width="1em"
                                  >
                                    <path
                                      d="M512 64C264.6 64 64 264.6 64 512s200.6 448 448 448 448-200.6 448-448S759.4 64 512 64zm165.4 618.2l-66-.3L512 563.4l-99.3 118.4-66.1.3c-4.4 0-8-3.5-8-8 0-1.9.7-3.7 1.9-5.2l130.1-155L340.5 359a8.32 8.32 0 01-1.9-5.2c0-4.4 3.6-8 8-8l66.1.3L512 464.6l99.3-118.4 66-.3c4.4 0 8 3.5 8 8 0 1.9-.7 3.7-1.9 5.2L553.5 514l130 155c1.2 1.5 1.9 3.3 1.9 5.2 0 4.4-3.6 8-8 8z"
                                    />
                                  </svg>
                                </span>
                              </span>
                            </span>
                          </span>
                        </div>
                      </div>
                    </div>
                  </div>
                  <div
                    class="ant-row ant-form-item"
                  >
                    <div
                      class="ant-col ant-form-item-control"
                    >
                      <div
                        class="ant-form-item-control-input"
                      >
                        <div
                          class="ant-form-item-control-input-content"
                        >
                          <span
                            class="ant-input-affix-wrapper sc-hKwDye ant-input-affix-wrapper-lg"
                          >
                            <input
                              class="ant-input"
                              id="confirmEmail"
                              placeholder="Confirm email"
                              type="text"
                              value=""
                            />
                            <span
                              class="ant-input-suffix"
                            >
                              <span
                                class="ant-input-clear-icon ant-input-clear-icon-hidden"
                                role="button"
                                tabindex="-1"
                              >
                                <span
                                  aria-label="close-circle"
                                  class="anticon anticon-close-circle"
                                  role="img"
                                >
                                  <svg
                                    aria-hidden="true"
                                    data-icon="close-circle"
                                    fill="currentColor"
                                    focusable="false"
                                    height="1em"
                                    viewBox="64 64 896 896"
                                    width="1em"
                                  >
                                    <path
                                      d="M512 64C264.6 64 64 264.6 64 512s200.6 448 448 448 448-200.6 448-448S759.4 64 512 64zm165.4 618.2l-66-.3L512 563.4l-99.3 118.4-66.1.3c-4.4 0-8-3.5-8-8 0-1.9.7-3.7 1.9-5.2l130.1-155L340.5 359a8.32 8.32 0 01-1.9-5.2c0-4.4 3.6-8 8-8l66.1.3L512 464.6l99.3-118.4 66-.3c4.4 0 8 3.5 8 8 0 1.9-.7 3.7-1.9 5.2L553.5 514l130 155c1.2 1.5 1.9 3.3 1.9 5.2 0 4.4-3.6 8-8 8z"
                                    />
                                  </svg>
                                </span>
                              </span>
                            </span>
                          </span>
                        </div>
                      </div>
                    </div>
                  </div>
                  <button
                    class="ant-btn ant-btn-primary ant-btn-lg sc-eCImPb sc-jRQBWg fgWRvk ejNkXv"
                    type="button"
                  >
                    <span>
                      Send
                    </span>
                  </button>
                  
                </div>
              </form>
            </div>
          </div>
          <div
            aria-hidden="true"
            style="width: 0px; height: 0px; overflow: hidden; outline: none;"
            tabindex="0"
          />
        </div>
      </div>
    </div>
  </div>
  <div />
  <div>
    <div
      class="ant-modal-root"
    >
      <div
        class="ant-modal-mask"
      />
      <div
        aria-labelledby="rcDialogTitle3"
        class="ant-modal-wrap ant-modal-centered"
        role="dialog"
        tabindex="-1"
      >
        <div
          class="ant-modal sc-bdvvtL la-dzJ"
          role="document"
          style="width: 520px;"
        >
          <div
            aria-hidden="true"
            style="width: 0px; height: 0px; overflow: hidden; outline: none;"
            tabindex="0"
          />
          <div
            class="ant-modal-content"
          >
            <button
              aria-label="Close"
              class="ant-modal-close"
              type="button"
            >
              <span
                class="ant-modal-close-x"
              >
                <span
                  aria-label="close"
                  class="anticon anticon-close ant-modal-close-icon"
                  role="img"
                >
                  <svg
                    aria-hidden="true"
                    data-icon="close"
                    fill="currentColor"
                    focusable="false"
                    height="1em"
                    viewBox="64 64 896 896"
                    width="1em"
                  >
                    <path
                      d="M563.8 512l262.5-312.9c4.4-5.2.7-13.1-6.1-13.1h-79.8c-4.7 0-9.2 2.1-12.3 5.7L511.6 449.8 295.1 191.7c-3-3.6-7.5-5.7-12.3-5.7H203c-6.8 0-10.5 7.9-6.1 13.1L459.4 512 196.9 824.9A7.95 7.95 0 00203 838h79.8c4.7 0 9.2-2.1 12.3-5.7l216.5-258.1 216.5 258.1c3 3.6 7.5 5.7 12.3 5.7h79.8c6.8 0 10.5-7.9 6.1-13.1L563.8 512z"
                    />
                  </svg>
                </span>
              </span>
            </button>
            <div
              class="ant-modal-header"
            >
              <div
                class="ant-modal-title"
                id="rcDialogTitle3"
              >
                <div
                  class="sc-gsDKAQ kPERAM"
                >
                  Request an invite
                </div>
              </div>
            </div>
            <div
              class="ant-modal-body"
            >
              <form
                class="ant-form ant-form-horizontal"
              >
                <div
                  class="sc-dkPtRN cIECRK"
                >
                  <div
                    class="ant-row ant-form-item"
                  >
                    <div
                      class="ant-col ant-form-item-control"
                    >
                      <div
                        class="ant-form-item-control-input"
                      >
                        <div
                          class="ant-form-item-control-input-content"
                        >
                          <span
                            class="ant-input-affix-wrapper sc-hKwDye ant-input-affix-wrapper-lg"
                          >
                            <input
                              class="ant-input"
                              id="fullName"
                              placeholder="Full name"
                              type="text"
                              value=""
                            />
                            <span
                              class="ant-input-suffix"
                            >
                              <span
                                class="ant-input-clear-icon ant-input-clear-icon-hidden"
                                role="button"
                                tabindex="-1"
                              >
                                <span
                                  aria-label="close-circle"
                                  class="anticon anticon-close-circle"
                                  role="img"
                                >
                                  <svg
                                    aria-hidden="true"
                                    data-icon="close-circle"
                                    fill="currentColor"
                                    focusable="false"
                                    height="1em"
                                    viewBox="64 64 896 896"
                                    width="1em"
                                  >
                                    <path
                                      d="M512 64C264.6 64 64 264.6 64 512s200.6 448 448 448 448-200.6 448-448S759.4 64 512 64zm165.4 618.2l-66-.3L512 563.4l-99.3 118.4-66.1.3c-4.4 0-8-3.5-8-8 0-1.9.7-3.7 1.9-5.2l130.1-155L340.5 359a8.32 8.32 0 01-1.9-5.2c0-4.4 3.6-8 8-8l66.1.3L512 464.6l99.3-118.4 66-.3c4.4 0 8 3.5 8 8 0 1.9-.7 3.7-1.9 5.2L553.5 514l130 155c1.2 1.5 1.9 3.3 1.9 5.2 0 4.4-3.6 8-8 8z"
                                    />
                                  </svg>
                                </span>
                              </span>
                            </span>
                          </span>
                        </div>
                      </div>
                    </div>
                  </div>
                  <div
                    class="ant-row ant-form-item"
                  >
                    <div
                      class="ant-col ant-form-item-control"
                    >
                      <div
                        class="ant-form-item-control-input"
                      >
                        <div
                          class="ant-form-item-control-input-content"
                        >
                          <span
                            class="ant-input-affix-wrapper sc-hKwDye ant-input-affix-wrapper-lg"
                          >
                            <input
                              class="ant-input"
                              id="email"
                              placeholder="Email"
                              type="text"
                              value=""
                            />
                            <span
                              class="ant-input-suffix"
                            >
                              <span
                                class="ant-input-clear-icon ant-input-clear-icon-hidden"
                                role="button"
                                tabindex="-1"
                              >
                                <span
                                  aria-label="close-circle"
                                  class="anticon anticon-close-circle"
                                  role="img"
                                >
                                  <svg
                                    aria-hidden="true"
                                    data-icon="close-circle"
                                    fill="currentColor"
                                    focusable="false"
                                    height="1em"
                                    viewBox="64 64 896 896"
                                    width="1em"
                                  >
                                    <path
                                      d="M512 64C264.6 64 64 264.6 64 512s200.6 448 448 448 448-200.6 448-448S759.4 64 512 64zm165.4 618.2l-66-.3L512 563.4l-99.3 118.4-66.1.3c-4.4 0-8-3.5-8-8 0-1.9.7-3.7 1.9-5.2l130.1-155L340.5 359a8.32 8.32 0 01-1.9-5.2c0-4.4 3.6-8 8-8l66.1.3L512 464.6l99.3-118.4 66-.3c4.4 0 8 3.5 8 8 0 1.9-.7 3.7-1.9 5.2L553.5 514l130 155c1.2 1.5 1.9 3.3 1.9 5.2 0 4.4-3.6 8-8 8z"
                                    />
                                  </svg>
                                </span>
                              </span>
                            </span>
                          </span>
                        </div>
                      </div>
                    </div>
                  </div>
                  <div
                    class="ant-row ant-form-item"
                  >
                    <div
                      class="ant-col ant-form-item-control"
                    >
                      <div
                        class="ant-form-item-control-input"
                      >
                        <div
                          class="ant-form-item-control-input-content"
                        >
                          <span
                            class="ant-input-affix-wrapper sc-hKwDye ant-input-affix-wrapper-lg"
                          >
                            <input
                              class="ant-input"
                              id="confirmEmail"
                              placeholder="Confirm email"
                              type="text"
                              value=""
                            />
                            <span
                              class="ant-input-suffix"
                            >
                              <span
                                class="ant-input-clear-icon ant-input-clear-icon-hidden"
                                role="button"
                                tabindex="-1"
                              >
                                <span
                                  aria-label="close-circle"
                                  class="anticon anticon-close-circle"
                                  role="img"
                                >
                                  <svg
                                    aria-hidden="true"
                                    data-icon="close-circle"
                                    fill="currentColor"
                                    focusable="false"
                                    height="1em"
                                    viewBox="64 64 896 896"
                                    width="1em"
                                  >
                                    <path
                                      d="M512 64C264.6 64 64 264.6 64 512s200.6 448 448 448 448-200.6 448-448S759.4 64 512 64zm165.4 618.2l-66-.3L512 563.4l-99.3 118.4-66.1.3c-4.4 0-8-3.5-8-8 0-1.9.7-3.7 1.9-5.2l130.1-155L340.5 359a8.32 8.32 0 01-1.9-5.2c0-4.4 3.6-8 8-8l66.1.3L512 464.6l99.3-118.4 66-.3c4.4 0 8 3.5 8 8 0 1.9-.7 3.7-1.9 5.2L553.5 514l130 155c1.2 1.5 1.9 3.3 1.9 5.2 0 4.4-3.6 8-8 8z"
                                    />
                                  </svg>
                                </span>
                              </span>
                            </span>
                          </span>
                        </div>
                      </div>
                    </div>
                  </div>
                  <button
                    class="ant-btn ant-btn-primary ant-btn-lg sc-eCImPb sc-jRQBWg fgWRvk ejNkXv"
                    type="button"
                  >
                    <span>
                      Send
                    </span>
                  </button>
                  
                </div>
              </form>
            </div>
          </div>
          <div
            aria-hidden="true"
            style="width: 0px; height: 0px; overflow: hidden; outline: none;"
            tabindex="0"
          />
        </div>
      </div>
    </div>
  </div>
</body>
`;
